\set ECHO none
 create_provenance_mapping 
---------------------------
 
(1 row)

 remove_provenance 
-------------------
 
(1 row)

   city   | counting 
----------+----------
 Berlin   |        1
 New York |        1
 Paris    |        3
(3 rows)

