\set ECHO none
 remove_provenance 
-------------------
 
(1 row)

 ?column? 
----------
 t
 t
 t
(3 rows)

