\set ECHO none
ERROR:  GROUPING SETS, CUBE, and ROLLUP not supported by provsql
