\set ECHO none
 remove_provenance 
-------------------
 
(1 row)

   security   
--------------
 unclassified
(1 row)

