\set ECHO none
 create_provenance_mapping 
---------------------------
 
(1 row)

 remove_provenance 
-------------------
 
(1 row)

   city   |   security   
----------+--------------
 Berlin   | secret
 New York | restricted
 Paris    | confidential
(3 rows)

