\set ECHO none
 remove_provenance 
-------------------
 
(1 row)

   city   | ok 
----------+----
 Berlin   | t
 New York | t
 Paris    | t
(3 rows)

