\set ECHO none
 remove_provenance 
-------------------
 
(1 row)

   city   | ok 
----------+----
 New York | t
(1 row)

