\set ECHO none
 create_provenance_mapping 
---------------------------
 
(1 row)

  value   
----------
 Dave
 Ellen
 John
 Magdalen
 Nancy
 Paul
 Susan
(7 rows)

